[INFO] Scanning for projects...
[INFO] 
[INFO] -----------------< edu.unimagdalena:university-store >------------------
[INFO] Building university-store 0.0.1-SNAPSHOT
[INFO]   from pom.xml
[INFO] --------------------------------[ jar ]---------------------------------
[INFO] 
[INFO] >>> spring-boot:4.0.5:run (default-cli) > test-compile @ university-store >>>
[INFO] 
[INFO] --- resources:3.3.1:resources (default-resources) @ university-store ---
[INFO] Copying 1 resource from src\main\resources to target\classes
[INFO] Copying 1 resource from src\main\resources to target\classes
[INFO] 
[INFO] --- compiler:3.11.0:compile (default-compile) @ university-store ---
[INFO] Nothing to compile - all classes are up to date
[INFO] 
[INFO] --- resources:3.3.1:testResources (default-testResources) @ university-store ---
[INFO] Copying 0 resource from src\test\resources to target\test-classes
[INFO] 
[INFO] --- compiler:3.11.0:testCompile (default-testCompile) @ university-store ---
[INFO] Changes detected - recompiling the module! :source
[INFO] Compiling 27 source files with javac [debug release 21] to target\test-classes
[INFO] 
[INFO] <<< spring-boot:4.0.5:run (default-cli) < test-compile @ university-store <<<
[INFO] 
[INFO] 
[INFO] --- spring-boot:4.0.5:run (default-cli) @ university-store ---
[INFO] Attaching agents: []

  .   ____          _            __ _ _
 /\\ / ___'_ __ _ _(_)_ __  __ _ \ \ \ \
( ( )\___ | '_ | '_| | '_ \/ _` | \ \ \ \
 \\/  ___)| |_)| | | | | || (_| |  ) ) ) )
  '  |____| .__|_| |_|_| |_\__, | / / / /
 =========|_|==============|___/=/_/_/_/

 :: Spring Boot ::                (v4.0.5)

2026-06-08T22:40:46.670-05:00  INFO 3880 --- [university-store] [           main] e.u.u.UniversityStoreApplication         : Starting UniversityStoreApplication using Java 21.0.10 with PID 3880 (C:\Users\recup\OneDrive\Documentos\ecomerce\target\classes started by Victor in C:\Users\recup\OneDrive\Documentos\ecomerce)
2026-06-08T22:40:46.673-05:00  INFO 3880 --- [university-store] [           main] e.u.u.UniversityStoreApplication         : No active profile set, falling back to 1 default profile: "default"
2026-06-08T22:40:49.668-05:00  INFO 3880 --- [university-store] [           main] .s.d.r.c.RepositoryConfigurationDelegate : Bootstrapping Spring Data JPA repositories in DEFAULT mode.
2026-06-08T22:40:49.834-05:00  INFO 3880 --- [university-store] [           main] .s.d.r.c.RepositoryConfigurationDelegate : Finished Spring Data repository scanning in 152 ms. Found 9 JPA repository interfaces.
2026-06-08T22:40:52.700-05:00  INFO 3880 --- [university-store] [           main] o.s.boot.tomcat.TomcatWebServer          : Tomcat initialized with port 8080 (http)
2026-06-08T22:40:52.738-05:00  INFO 3880 --- [university-store] [           main] o.apache.catalina.core.StandardService   : Starting service [Tomcat]
2026-06-08T22:40:52.738-05:00  INFO 3880 --- [university-store] [           main] o.apache.catalina.core.StandardEngine    : Starting Servlet engine: [Apache Tomcat/11.0.20]
2026-06-08T22:40:52.900-05:00  INFO 3880 --- [university-store] [           main] b.w.c.s.WebApplicationContextInitializer : Root WebApplicationContext: initialization completed in 6076 ms
2026-06-08T22:40:53.620-05:00  INFO 3880 --- [university-store] [           main] org.hibernate.orm.jpa                    : HHH008540: Processing PersistenceUnitInfo [name: default]
2026-06-08T22:40:53.769-05:00  INFO 3880 --- [university-store] [           main] org.hibernate.orm.core                   : HHH000001: Hibernate ORM core version 7.2.7.Final
2026-06-08T22:40:55.153-05:00  INFO 3880 --- [university-store] [           main] o.s.o.j.p.SpringPersistenceUnitInfo      : No LoadTimeWeaver setup: ignoring JPA class transformer
2026-06-08T22:40:55.246-05:00  INFO 3880 --- [university-store] [           main] com.zaxxer.hikari.HikariDataSource       : HikariPool-1 - Starting...
2026-06-08T22:40:55.664-05:00  INFO 3880 --- [university-store] [           main] com.zaxxer.hikari.pool.HikariPool        : HikariPool-1 - Added connection org.postgresql.jdbc.PgConnection@65b680b4
2026-06-08T22:40:55.668-05:00  INFO 3880 --- [university-store] [           main] com.zaxxer.hikari.HikariDataSource       : HikariPool-1 - Start completed.
2026-06-08T22:40:55.832-05:00  INFO 3880 --- [university-store] [           main] org.hibernate.orm.connections.pooling    : HHH10001005: Database info:
	Database JDBC URL [jdbc:postgresql://localhost:5433/university_store]
	Database driver: PostgreSQL JDBC Driver
	Database dialect: PostgreSQLDialect
	Database version: 16.13
	Default catalog/schema: university_store/public
	Autocommit mode: undefined/unknown
	Isolation level: READ_COMMITTED [default READ_COMMITTED]
	JDBC fetch size: none
	Pool: DataSourceConnectionProvider
	Minimum pool size: undefined/unknown
	Maximum pool size: undefined/unknown
2026-06-08T22:40:59.220-05:00  INFO 3880 --- [university-store] [           main] org.hibernate.orm.core                   : HHH000489: No JTA platform available (set 'hibernate.transaction.jta.platform' to enable JTA platform integration)
2026-06-08T22:40:59.411-05:00  INFO 3880 --- [university-store] [           main] j.LocalContainerEntityManagerFactoryBean : Initialized JPA EntityManagerFactory for persistence unit 'default'
2026-06-08T22:40:59.628-05:00  INFO 3880 --- [university-store] [           main] o.s.d.j.r.query.QueryEnhancerFactories   : Hibernate is in classpath; If applicable, HQL parser will be used.
2026-06-08T22:41:03.725-05:00  INFO 3880 --- [university-store] [           main] o.s.b.w.a.WelcomePageHandlerMapping      : Adding welcome page: class path resource [static/index.html]
2026-06-08T22:41:04.695-05:00  INFO 3880 --- [university-store] [           main] o.s.b.a.e.web.EndpointLinksResolver      : Exposing 1 endpoint beneath base path '/actuator'
2026-06-08T22:41:04.892-05:00  INFO 3880 --- [university-store] [           main] o.s.boot.tomcat.TomcatWebServer          : Tomcat started on port 8080 (http) with context path '/'
2026-06-08T22:41:04.912-05:00  INFO 3880 --- [university-store] [           main] e.u.u.UniversityStoreApplication         : Started UniversityStoreApplication in 19.406 seconds (process running for 20.983)
2026-06-08T22:41:42.188-05:00  INFO 3880 --- [university-store] [nio-8080-exec-1] o.a.c.c.C.[Tomcat].[localhost].[/]       : Initializing Spring DispatcherServlet 'dispatcherServlet'
2026-06-08T22:41:42.188-05:00  INFO 3880 --- [university-store] [nio-8080-exec-1] o.s.web.servlet.DispatcherServlet        : Initializing Servlet 'dispatcherServlet'
2026-06-08T22:41:42.190-05:00  INFO 3880 --- [university-store] [nio-8080-exec-1] o.s.web.servlet.DispatcherServlet        : Completed initialization in 2 ms
Hibernate: 
    select
        p1_0.id,
        p1_0.active,
        p1_0.category_id,
        c1_0.id,
        c1_0.created_at,
        c1_0.deleted_at,
        c1_0.name,
        c1_0.updated_at,
        c1_0.version,
        p1_0.created_at,
        p1_0.deleted_at,
        p1_0.name,
        p1_0.price,
        p1_0.sku,
        p1_0.updated_at,
        p1_0.version 
    from
        products p1_0 
    join
        categories c1_0 
            on c1_0.id=p1_0.category_id 
    where
        p1_0.deleted_at is null 
    order by
        p1_0.id 
    fetch
        first ? rows only
2026-06-08T22:41:42.544-05:00  WARN 3880 --- [university-store] [nio-8080-exec-1] ration$PageModule$WarningLoggingModifier : Serializing PageImpl instances as-is is not supported, meaning that there is no guarantee about the stability of the resulting JSON structure!
	For a stable JSON structure, please use Spring Data's PagedModel (globally via @EnableSpringDataWebSupport(pageSerializationMode = VIA_DTO))
	or Spring HATEOAS and Spring Data's PagedResourcesAssembler as documented in https://docs.spring.io/spring-data/commons/reference/repositories/core-extensions.html#core.web.pageables.

Hibernate: 
    select
        i1_0.id,
        i1_0.available_stock,
        i1_0.created_at,
        i1_0.deleted_at,
        i1_0.minimum_stock,
        i1_0.product_id,
        p1_0.id,
        p1_0.active,
        p1_0.category_id,
        p1_0.created_at,
        p1_0.deleted_at,
        p1_0.name,
        p1_0.price,
        p1_0.sku,
        p1_0.updated_at,
        p1_0.version,
        i1_0.updated_at,
        i1_0.version 
    from
        inventories i1_0 
    join
        products p1_0 
            on p1_0.id=i1_0.product_id 
    where
        i1_0.deleted_at is null
Hibernate: 
    select
        c1_0.id,
        c1_0.created_at,
        c1_0.deleted_at,
        c1_0.email,
        c1_0.name,
        c1_0.status,
        c1_0.updated_at,
        c1_0.version 
    from
        customers c1_0 
    where
        c1_0.deleted_at is null 
        and c1_0.email=?
Hibernate: 
    insert 
    into
        customers
        (created_at, deleted_at, email, name, status, updated_at, version) 
    values
        (?, ?, ?, ?, ?, ?, ?)
Hibernate: 
    select
        c1_0.id,
        c1_0.created_at,
        c1_0.deleted_at,
        c1_0.email,
        c1_0.name,
        c1_0.status,
        c1_0.updated_at,
        c1_0.version 
    from
        customers c1_0 
    where
        c1_0.deleted_at is null 
        and c1_0.id=?
Hibernate: 
    insert 
    into
        addresses
        (city, country, created_at, customer_id, deleted_at, street, updated_at, version) 
    values
        (?, ?, ?, ?, ?, ?, ?, ?)
Hibernate: 
    select
        case 
            when count(c1_0.id)>0 
                then true 
            else false 
    end 
from
    customers c1_0 
where
    c1_0.deleted_at is null 
    and c1_0.id=?
Hibernate: 
    select
        case 
            when count(a1_0.id)>0 
                then true 
            else false 
    end 
from
    addresses a1_0 
where
    a1_0.deleted_at is null 
    and a1_0.id=?
Hibernate: 
    select
        c1_0.id,
        c1_0.created_at,
        c1_0.deleted_at,
        c1_0.email,
        c1_0.name,
        c1_0.status,
        c1_0.updated_at,
        c1_0.version 
    from
        customers c1_0 
    where
        c1_0.deleted_at is null 
        and c1_0.id=?
Hibernate: 
    select
        a1_0.id,
        a1_0.city,
        a1_0.country,
        a1_0.created_at,
        a1_0.customer_id,
        c1_0.id,
        c1_0.created_at,
        c1_0.deleted_at,
        c1_0.email,
        c1_0.name,
        c1_0.status,
        c1_0.updated_at,
        c1_0.version,
        a1_0.deleted_at,
        a1_0.street,
        a1_0.updated_at,
        a1_0.version 
    from
        addresses a1_0 
    join
        customers c1_0 
            on c1_0.id=a1_0.customer_id 
    where
        a1_0.deleted_at is null 
        and a1_0.id=?
Hibernate: 
    select
        p1_0.id,
        p1_0.active,
        p1_0.category_id,
        c1_0.id,
        c1_0.created_at,
        c1_0.deleted_at,
        c1_0.name,
        c1_0.updated_at,
        c1_0.version,
        p1_0.created_at,
        p1_0.deleted_at,
        p1_0.name,
        p1_0.price,
        p1_0.sku,
        p1_0.updated_at,
        p1_0.version 
    from
        products p1_0 
    join
        categories c1_0 
            on c1_0.id=p1_0.category_id 
    where
        p1_0.deleted_at is null 
        and p1_0.id=?
Hibernate: 
    select
        i1_0.id,
        i1_0.available_stock,
        i1_0.created_at,
        i1_0.deleted_at,
        i1_0.minimum_stock,
        i1_0.product_id,
        i1_0.updated_at,
        i1_0.version 
    from
        inventories i1_0 
    where
        i1_0.deleted_at is null 
        and i1_0.product_id=? 
    for
        no key update of i1_0
Hibernate: 
    insert 
    into
        orders
        (address_id, created_at, customer_id, deleted_at, status, total, updated_at, version) 
    values
        (?, ?, ?, ?, ?, ?, ?, ?)
Hibernate: 
    insert 
    into
        order_items
        (created_at, deleted_at, order_id, product_id, quantity, subtotal, unit_price, updated_at, version) 
    values
        (?, ?, ?, ?, ?, ?, ?, ?, ?)
Hibernate: 
    insert 
    into
        order_status_history
        (changed_at, created_at, deleted_at, order_id, reason, status, updated_at, version) 
    values
        (?, ?, ?, ?, ?, ?, ?, ?)
Hibernate: 
    update
        inventories 
    set
        available_stock=?,
        deleted_at=?,
        minimum_stock=?,
        product_id=?,
        updated_at=?,
        version=? 
    where
        id=? 
        and version=?
Hibernate: 
    select
        i1_0.id,
        i1_0.available_stock,
        i1_0.created_at,
        i1_0.deleted_at,
        i1_0.minimum_stock,
        i1_0.product_id,
        p1_0.id,
        p1_0.active,
        p1_0.category_id,
        p1_0.created_at,
        p1_0.deleted_at,
        p1_0.name,
        p1_0.price,
        p1_0.sku,
        p1_0.updated_at,
        p1_0.version,
        i1_0.updated_at,
        i1_0.version 
    from
        inventories i1_0 
    join
        products p1_0 
            on p1_0.id=i1_0.product_id 
    where
        i1_0.deleted_at is null
Hibernate: 
    select
        po1_0.id,
        po1_0.address_id,
        a1_0.id,
        a1_0.city,
        a1_0.country,
        a1_0.created_at,
        a1_0.customer_id,
        a1_0.deleted_at,
        a1_0.street,
        a1_0.updated_at,
        a1_0.version,
        po1_0.created_at,
        po1_0.customer_id,
        c2_0.id,
        c2_0.created_at,
        c2_0.deleted_at,
        c2_0.email,
        c2_0.name,
        c2_0.status,
        c2_0.updated_at,
        c2_0.version,
        po1_0.deleted_at,
        i1_0.order_id,
        i1_0.id,
        i1_0.created_at,
        i1_0.deleted_at,
        i1_0.product_id,
        i1_0.quantity,
        i1_0.subtotal,
        i1_0.unit_price,
        i1_0.updated_at,
        i1_0.version,
        po1_0.status,
        po1_0.total,
        po1_0.updated_at,
        po1_0.version 
    from
        orders po1_0 
    join
        addresses a1_0 
            on a1_0.id=po1_0.address_id 
    join
        customers c2_0 
            on c2_0.id=po1_0.customer_id 
    left join
        order_items i1_0 
            on po1_0.id=i1_0.order_id 
    where
        po1_0.deleted_at is null 
        and po1_0.id=?
Hibernate: 
    select
        oi1_0.id,
        oi1_0.created_at,
        oi1_0.deleted_at,
        oi1_0.order_id,
        oi1_0.product_id,
        p1_0.id,
        p1_0.active,
        p1_0.category_id,
        p1_0.created_at,
        p1_0.deleted_at,
        p1_0.name,
        p1_0.price,
        p1_0.sku,
        p1_0.updated_at,
        p1_0.version,
        oi1_0.quantity,
        oi1_0.subtotal,
        oi1_0.unit_price,
        oi1_0.updated_at,
        oi1_0.version 
    from
        order_items oi1_0 
    join
        products p1_0 
            on p1_0.id=oi1_0.product_id 
    where
        oi1_0.deleted_at is null 
        and oi1_0.order_id=?
Hibernate: 
    select
        i1_0.id,
        i1_0.available_stock,
        i1_0.created_at,
        i1_0.deleted_at,
        i1_0.minimum_stock,
        i1_0.product_id,
        i1_0.updated_at,
        i1_0.version 
    from
        inventories i1_0 
    where
        i1_0.deleted_at is null 
        and i1_0.product_id=? 
    for
        no key update of i1_0
Hibernate: 
    insert 
    into
        order_status_history
        (changed_at, created_at, deleted_at, order_id, reason, status, updated_at, version) 
    values
        (?, ?, ?, ?, ?, ?, ?, ?)
2026-06-08T22:41:43.362-05:00  INFO 3880 --- [university-store] [         task-1] e.u.u.event.OrderStatusChangedListener   : Orden #8 cambió de estado: CREATED → CANCELLED (cliente: Refresh Test)
Hibernate: 
    update
        orders 
    set
        address_id=?,
        customer_id=?,
        deleted_at=?,
        status=?,
        total=?,
        updated_at=?,
        version=? 
    where
        id=? 
        and version=?
Hibernate: 
    update
        inventories 
    set
        available_stock=?,
        deleted_at=?,
        minimum_stock=?,
        product_id=?,
        updated_at=?,
        version=? 
    where
        id=? 
        and version=?
Hibernate: 
    select
        i1_0.id,
        i1_0.available_stock,
        i1_0.created_at,
        i1_0.deleted_at,
        i1_0.minimum_stock,
        i1_0.product_id,
        p1_0.id,
        p1_0.active,
        p1_0.category_id,
        p1_0.created_at,
        p1_0.deleted_at,
        p1_0.name,
        p1_0.price,
        p1_0.sku,
        p1_0.updated_at,
        p1_0.version,
        i1_0.updated_at,
        i1_0.version 
    from
        inventories i1_0 
    join
        products p1_0 
            on p1_0.id=i1_0.product_id 
    where
        i1_0.deleted_at is null
Hibernate: 
    select
        c1_0.id,
        c1_0.created_at,
        c1_0.deleted_at,
        c1_0.name,
        c1_0.updated_at,
        c1_0.version 
    from
        categories c1_0 
    where
        c1_0.deleted_at is null
Hibernate: 
    select
        p1_0.id,
        p1_0.active,
        p1_0.category_id,
        c1_0.id,
        c1_0.created_at,
        c1_0.deleted_at,
        c1_0.name,
        c1_0.updated_at,
        c1_0.version,
        p1_0.created_at,
        p1_0.deleted_at,
        p1_0.name,
        p1_0.price,
        p1_0.sku,
        p1_0.updated_at,
        p1_0.version 
    from
        products p1_0 
    join
        categories c1_0 
            on c1_0.id=p1_0.category_id 
    where
        p1_0.deleted_at is null 
    order by
        p1_0.id 
    fetch
        first ? rows only
Hibernate: 
    select
        c1_0.id,
        c1_0.created_at,
        c1_0.deleted_at,
        c1_0.email,
        c1_0.name,
        c1_0.status,
        c1_0.updated_at,
        c1_0.version 
    from
        customers c1_0 
    where
        c1_0.deleted_at is null
Hibernate: 
    select
        i1_0.id,
        i1_0.available_stock,
        i1_0.created_at,
        i1_0.deleted_at,
        i1_0.minimum_stock,
        i1_0.product_id,
        p1_0.id,
        p1_0.active,
        p1_0.category_id,
        p1_0.created_at,
        p1_0.deleted_at,
        p1_0.name,
        p1_0.price,
        p1_0.sku,
        p1_0.updated_at,
        p1_0.version,
        i1_0.updated_at,
        i1_0.version 
    from
        inventories i1_0 
    join
        products p1_0 
            on p1_0.id=i1_0.product_id 
    where
        i1_0.deleted_at is null
Hibernate: 
    select
        po1_0.id,
        po1_0.address_id,
        a1_0.id,
        a1_0.city,
        a1_0.country,
        a1_0.created_at,
        a1_0.customer_id,
        a1_0.deleted_at,
        a1_0.street,
        a1_0.updated_at,
        a1_0.version,
        po1_0.created_at,
        po1_0.customer_id,
        c2_0.id,
        c2_0.created_at,
        c2_0.deleted_at,
        c2_0.email,
        c2_0.name,
        c2_0.status,
        c2_0.updated_at,
        c2_0.version,
        po1_0.deleted_at,
        i1_0.order_id,
        i1_0.id,
        i1_0.created_at,
        i1_0.deleted_at,
        i1_0.product_id,
        i1_0.quantity,
        i1_0.subtotal,
        i1_0.unit_price,
        i1_0.updated_at,
        i1_0.version,
        po1_0.status,
        po1_0.total,
        po1_0.updated_at,
        po1_0.version 
    from
        orders po1_0 
    join
        addresses a1_0 
            on a1_0.id=po1_0.address_id 
    join
        customers c2_0 
            on c2_0.id=po1_0.customer_id 
    left join
        order_items i1_0 
            on po1_0.id=i1_0.order_id 
    where
        po1_0.deleted_at is null
Hibernate: 
    select
        p1_0.id,
        p1_0.active,
        p1_0.category_id,
        p1_0.created_at,
        p1_0.deleted_at,
        p1_0.name,
        p1_0.price,
        p1_0.sku,
        p1_0.updated_at,
        p1_0.version 
    from
        products p1_0 
    where
        p1_0.id=?
Hibernate: 
    select
        p1_0.id,
        p1_0.active,
        p1_0.category_id,
        p1_0.created_at,
        p1_0.deleted_at,
        p1_0.name,
        p1_0.price,
        p1_0.sku,
        p1_0.updated_at,
        p1_0.version 
    from
        products p1_0 
    where
        p1_0.id=?
Hibernate: 
    select
        p1_0.id,
        p1_0.active,
        p1_0.category_id,
        p1_0.created_at,
        p1_0.deleted_at,
        p1_0.name,
        p1_0.price,
        p1_0.sku,
        p1_0.updated_at,
        p1_0.version 
    from
        products p1_0 
    where
        p1_0.id=?
Hibernate: 
    select
        p1_0.id,
        p1_0.active,
        p1_0.category_id,
        p1_0.created_at,
        p1_0.deleted_at,
        p1_0.name,
        p1_0.price,
        p1_0.sku,
        p1_0.updated_at,
        p1_0.version 
    from
        products p1_0 
    where
        p1_0.id=?
Hibernate: 
    select
        p1_0.id,
        p1_0.active,
        p1_0.category_id,
        p1_0.created_at,
        p1_0.deleted_at,
        p1_0.name,
        p1_0.price,
        p1_0.sku,
        p1_0.updated_at,
        p1_0.version 
    from
        products p1_0 
    where
        p1_0.id=?
Hibernate: 
    select
        p1_0.id,
        p1_0.active,
        p1_0.category_id,
        p1_0.created_at,
        p1_0.deleted_at,
        p1_0.name,
        p1_0.price,
        p1_0.sku,
        p1_0.updated_at,
        p1_0.version 
    from
        products p1_0 
    where
        p1_0.id=?
Hibernate: 
    select
        p1_0.id,
        p1_0.active,
        p1_0.category_id,
        p1_0.created_at,
        p1_0.deleted_at,
        p1_0.name,
        p1_0.price,
        p1_0.sku,
        p1_0.updated_at,
        p1_0.version 
    from
        products p1_0 
    where
        p1_0.id=?
2026-06-08T23:20:44.370-05:00 ERROR 3880 --- [university-store] [nio-8080-exec-6] e.u.u.exception.GlobalExceptionHandler   : Unexpected error: No static resource favicon.ico for request '/favicon.ico'.

org.springframework.web.servlet.resource.NoResourceFoundException: No static resource favicon.ico for request '/favicon.ico'.
	at org.springframework.web.servlet.resource.ResourceHttpRequestHandler.handleRequest(ResourceHttpRequestHandler.java:527) ~[spring-webmvc-7.0.6.jar:7.0.6]
	at org.springframework.web.servlet.mvc.HttpRequestHandlerAdapter.handle(HttpRequestHandlerAdapter.java:50) ~[spring-webmvc-7.0.6.jar:7.0.6]
	at org.springframework.web.servlet.DispatcherServlet.doDispatch(DispatcherServlet.java:963) ~[spring-webmvc-7.0.6.jar:7.0.6]
	at org.springframework.web.servlet.DispatcherServlet.doService(DispatcherServlet.java:866) ~[spring-webmvc-7.0.6.jar:7.0.6]
	at org.springframework.web.servlet.FrameworkServlet.processRequest(FrameworkServlet.java:1000) ~[spring-webmvc-7.0.6.jar:7.0.6]
	at org.springframework.web.servlet.FrameworkServlet.doGet(FrameworkServlet.java:892) ~[spring-webmvc-7.0.6.jar:7.0.6]
	at jakarta.servlet.http.HttpServlet.service(HttpServlet.java:622) ~[tomcat-embed-core-11.0.20.jar:6.1]
	at org.springframework.web.servlet.FrameworkServlet.service(FrameworkServlet.java:874) ~[spring-webmvc-7.0.6.jar:7.0.6]
	at jakarta.servlet.http.HttpServlet.service(HttpServlet.java:710) ~[tomcat-embed-core-11.0.20.jar:6.1]
	at org.apache.catalina.core.ApplicationFilterChain.doFilter(ApplicationFilterChain.java:128) ~[tomcat-embed-core-11.0.20.jar:11.0.20]
	at org.apache.tomcat.websocket.server.WsFilter.doFilter(WsFilter.java:53) ~[tomcat-embed-websocket-11.0.20.jar:11.0.20]
	at org.apache.catalina.core.ApplicationFilterChain.doFilter(ApplicationFilterChain.java:107) ~[tomcat-embed-core-11.0.20.jar:11.0.20]
	at org.springframework.web.filter.RequestContextFilter.doFilterInternal(RequestContextFilter.java:100) ~[spring-web-7.0.6.jar:7.0.6]
	at org.springframework.web.filter.OncePerRequestFilter.doFilter(OncePerRequestFilter.java:116) ~[spring-web-7.0.6.jar:7.0.6]
	at org.apache.catalina.core.ApplicationFilterChain.doFilter(ApplicationFilterChain.java:107) ~[tomcat-embed-core-11.0.20.jar:11.0.20]
	at org.springframework.web.filter.FormContentFilter.doFilterInternal(FormContentFilter.java:93) ~[spring-web-7.0.6.jar:7.0.6]
	at org.springframework.web.filter.OncePerRequestFilter.doFilter(OncePerRequestFilter.java:116) ~[spring-web-7.0.6.jar:7.0.6]
	at org.apache.catalina.core.ApplicationFilterChain.doFilter(ApplicationFilterChain.java:107) ~[tomcat-embed-core-11.0.20.jar:11.0.20]
	at org.springframework.web.filter.ServerHttpObservationFilter.doFilterInternal(ServerHttpObservationFilter.java:110) ~[spring-web-7.0.6.jar:7.0.6]
	at org.springframework.web.filter.OncePerRequestFilter.doFilter(OncePerRequestFilter.java:116) ~[spring-web-7.0.6.jar:7.0.6]
	at org.apache.catalina.core.ApplicationFilterChain.doFilter(ApplicationFilterChain.java:107) ~[tomcat-embed-core-11.0.20.jar:11.0.20]
	at org.springframework.web.filter.CharacterEncodingFilter.doFilterInternal(CharacterEncodingFilter.java:199) ~[spring-web-7.0.6.jar:7.0.6]
	at org.springframework.web.filter.OncePerRequestFilter.doFilter(OncePerRequestFilter.java:116) ~[spring-web-7.0.6.jar:7.0.6]
	at org.apache.catalina.core.ApplicationFilterChain.doFilter(ApplicationFilterChain.java:107) ~[tomcat-embed-core-11.0.20.jar:11.0.20]
	at org.apache.catalina.core.StandardWrapperValve.invoke(StandardWrapperValve.java:165) ~[tomcat-embed-core-11.0.20.jar:11.0.20]
	at org.apache.catalina.core.StandardContextValve.invoke(StandardContextValve.java:77) ~[tomcat-embed-core-11.0.20.jar:11.0.20]
	at org.apache.catalina.authenticator.AuthenticatorBase.invoke(AuthenticatorBase.java:492) ~[tomcat-embed-core-11.0.20.jar:11.0.20]
	at org.apache.catalina.core.StandardHostValve.invoke(StandardHostValve.java:113) ~[tomcat-embed-core-11.0.20.jar:11.0.20]
	at org.apache.catalina.valves.ErrorReportValve.invoke(ErrorReportValve.java:83) ~[tomcat-embed-core-11.0.20.jar:11.0.20]
	at org.apache.catalina.core.StandardEngineValve.invoke(StandardEngineValve.java:72) ~[tomcat-embed-core-11.0.20.jar:11.0.20]
	at org.apache.catalina.connector.CoyoteAdapter.service(CoyoteAdapter.java:341) ~[tomcat-embed-core-11.0.20.jar:11.0.20]
	at org.apache.coyote.http11.Http11Processor.service(Http11Processor.java:397) ~[tomcat-embed-core-11.0.20.jar:11.0.20]
	at org.apache.coyote.AbstractProcessorLight.process(AbstractProcessorLight.java:63) ~[tomcat-embed-core-11.0.20.jar:11.0.20]
	at org.apache.coyote.AbstractProtocol$ConnectionHandler.process(AbstractProtocol.java:903) ~[tomcat-embed-core-11.0.20.jar:11.0.20]
	at org.apache.tomcat.util.net.NioEndpoint$SocketProcessor.doRun(NioEndpoint.java:1779) ~[tomcat-embed-core-11.0.20.jar:11.0.20]
	at org.apache.tomcat.util.net.SocketProcessorBase.run(SocketProcessorBase.java:52) ~[tomcat-embed-core-11.0.20.jar:11.0.20]
	at org.apache.tomcat.util.threads.ThreadPoolExecutor.runWorker(ThreadPoolExecutor.java:946) ~[tomcat-embed-core-11.0.20.jar:11.0.20]
	at org.apache.tomcat.util.threads.ThreadPoolExecutor$Worker.run(ThreadPoolExecutor.java:480) ~[tomcat-embed-core-11.0.20.jar:11.0.20]
	at org.apache.tomcat.util.threads.TaskThread$WrappingRunnable.run(TaskThread.java:57) ~[tomcat-embed-core-11.0.20.jar:11.0.20]
	at java.base/java.lang.Thread.run(Thread.java:1583) ~[na:na]

Hibernate: 
    select
        i1_0.id,
        i1_0.available_stock,
        i1_0.created_at,
        i1_0.deleted_at,
        i1_0.minimum_stock,
        i1_0.product_id,
        p1_0.id,
        p1_0.active,
        p1_0.category_id,
        p1_0.created_at,
        p1_0.deleted_at,
        p1_0.name,
        p1_0.price,
        p1_0.sku,
        p1_0.updated_at,
        p1_0.version,
        i1_0.updated_at,
        i1_0.version 
    from
        inventories i1_0 
    join
        products p1_0 
            on p1_0.id=i1_0.product_id 
    where
        i1_0.deleted_at is null
Hibernate: 
    select
        c1_0.id,
        c1_0.created_at,
        c1_0.deleted_at,
        c1_0.email,
        c1_0.name,
        c1_0.status,
        c1_0.updated_at,
        c1_0.version 
    from
        customers c1_0 
    where
        c1_0.deleted_at is null 
        and c1_0.id=?
Hibernate: 
    update
        customers 
    set
        deleted_at=?,
        email=?,
        name=?,
        status=?,
        updated_at=?,
        version=? 
    where
        id=? 
        and version=?
Hibernate: 
    select
        c1_0.id,
        c1_0.created_at,
        c1_0.deleted_at,
        c1_0.email,
        c1_0.name,
        c1_0.status,
        c1_0.updated_at,
        c1_0.version 
    from
        customers c1_0 
    where
        c1_0.deleted_at is null
Hibernate: 
    select
        c1_0.id,
        c1_0.created_at,
        c1_0.deleted_at,
        c1_0.email,
        c1_0.name,
        c1_0.status,
        c1_0.updated_at,
        c1_0.version 
    from
        customers c1_0 
    where
        c1_0.deleted_at is null 
        and c1_0.id=?
Hibernate: 
    update
        customers 
    set
        deleted_at=?,
        email=?,
        name=?,
        status=?,
        updated_at=?,
        version=? 
    where
        id=? 
        and version=?
Hibernate: 
    select
        c1_0.id,
        c1_0.created_at,
        c1_0.deleted_at,
        c1_0.email,
        c1_0.name,
        c1_0.status,
        c1_0.updated_at,
        c1_0.version 
    from
        customers c1_0 
    where
        c1_0.deleted_at is null
Hibernate: 
    select
        a1_0.id,
        a1_0.city,
        a1_0.country,
        a1_0.created_at,
        a1_0.customer_id,
        c1_0.id,
        c1_0.created_at,
        c1_0.deleted_at,
        c1_0.email,
        c1_0.name,
        c1_0.status,
        c1_0.updated_at,
        c1_0.version,
        a1_0.deleted_at,
        a1_0.street,
        a1_0.updated_at,
        a1_0.version 
    from
        addresses a1_0 
    join
        customers c1_0 
            on c1_0.id=a1_0.customer_id 
    where
        a1_0.deleted_at is null 
        and a1_0.customer_id=?
Hibernate: 
    select
        case 
            when count(c1_0.id)>0 
                then true 
            else false 
    end 
from
    customers c1_0 
where
    c1_0.deleted_at is null 
    and c1_0.id=?
Hibernate: 
    select
        case 
            when count(a1_0.id)>0 
                then true 
            else false 
    end 
from
    addresses a1_0 
where
    a1_0.deleted_at is null 
    and a1_0.id=?
Hibernate: 
    select
        c1_0.id,
        c1_0.created_at,
        c1_0.deleted_at,
        c1_0.email,
        c1_0.name,
        c1_0.status,
        c1_0.updated_at,
        c1_0.version 
    from
        customers c1_0 
    where
        c1_0.deleted_at is null 
        and c1_0.id=?
Hibernate: 
    select
        a1_0.id,
        a1_0.city,
        a1_0.country,
        a1_0.created_at,
        a1_0.customer_id,
        c1_0.id,
        c1_0.created_at,
        c1_0.deleted_at,
        c1_0.email,
        c1_0.name,
        c1_0.status,
        c1_0.updated_at,
        c1_0.version,
        a1_0.deleted_at,
        a1_0.street,
        a1_0.updated_at,
        a1_0.version 
    from
        addresses a1_0 
    join
        customers c1_0 
            on c1_0.id=a1_0.customer_id 
    where
        a1_0.deleted_at is null 
        and a1_0.id=?
Hibernate: 
    select
        p1_0.id,
        p1_0.active,
        p1_0.category_id,
        c1_0.id,
        c1_0.created_at,
        c1_0.deleted_at,
        c1_0.name,
        c1_0.updated_at,
        c1_0.version,
        p1_0.created_at,
        p1_0.deleted_at,
        p1_0.name,
        p1_0.price,
        p1_0.sku,
        p1_0.updated_at,
        p1_0.version 
    from
        products p1_0 
    join
        categories c1_0 
            on c1_0.id=p1_0.category_id 
    where
        p1_0.deleted_at is null 
        and p1_0.id=?
Hibernate: 
    select
        i1_0.id,
        i1_0.available_stock,
        i1_0.created_at,
        i1_0.deleted_at,
        i1_0.minimum_stock,
        i1_0.product_id,
        i1_0.updated_at,
        i1_0.version 
    from
        inventories i1_0 
    where
        i1_0.deleted_at is null 
        and i1_0.product_id=? 
    for
        no key update of i1_0
Hibernate: 
    insert 
    into
        orders
        (address_id, created_at, customer_id, deleted_at, status, total, updated_at, version) 
    values
        (?, ?, ?, ?, ?, ?, ?, ?)
Hibernate: 
    insert 
    into
        order_items
        (created_at, deleted_at, order_id, product_id, quantity, subtotal, unit_price, updated_at, version) 
    values
        (?, ?, ?, ?, ?, ?, ?, ?, ?)
Hibernate: 
    insert 
    into
        order_status_history
        (changed_at, created_at, deleted_at, order_id, reason, status, updated_at, version) 
    values
        (?, ?, ?, ?, ?, ?, ?, ?)
Hibernate: 
    update
        inventories 
    set
        available_stock=?,
        deleted_at=?,
        minimum_stock=?,
        product_id=?,
        updated_at=?,
        version=? 
    where
        id=? 
        and version=?
Hibernate: 
    select
        i1_0.id,
        i1_0.available_stock,
        i1_0.created_at,
        i1_0.deleted_at,
        i1_0.minimum_stock,
        i1_0.product_id,
        p1_0.id,
        p1_0.active,
        p1_0.category_id,
        p1_0.created_at,
        p1_0.deleted_at,
        p1_0.name,
        p1_0.price,
        p1_0.sku,
        p1_0.updated_at,
        p1_0.version,
        i1_0.updated_at,
        i1_0.version 
    from
        inventories i1_0 
    join
        products p1_0 
            on p1_0.id=i1_0.product_id 
    where
        i1_0.deleted_at is null
Hibernate: 
    select
        po1_0.id,
        po1_0.address_id,
        a1_0.id,
        a1_0.city,
        a1_0.country,
        a1_0.created_at,
        a1_0.customer_id,
        a1_0.deleted_at,
        a1_0.street,
        a1_0.updated_at,
        a1_0.version,
        po1_0.created_at,
        po1_0.customer_id,
        c2_0.id,
        c2_0.created_at,
        c2_0.deleted_at,
        c2_0.email,
        c2_0.name,
        c2_0.status,
        c2_0.updated_at,
        c2_0.version,
        po1_0.deleted_at,
        i1_0.order_id,
        i1_0.id,
        i1_0.created_at,
        i1_0.deleted_at,
        i1_0.product_id,
        i1_0.quantity,
        i1_0.subtotal,
        i1_0.unit_price,
        i1_0.updated_at,
        i1_0.version,
        po1_0.status,
        po1_0.total,
        po1_0.updated_at,
        po1_0.version 
    from
        orders po1_0 
    join
        addresses a1_0 
            on a1_0.id=po1_0.address_id 
    join
        customers c2_0 
            on c2_0.id=po1_0.customer_id 
    left join
        order_items i1_0 
            on po1_0.id=i1_0.order_id 
    where
        po1_0.deleted_at is null
Hibernate: 
    select
        p1_0.id,
        p1_0.active,
        p1_0.category_id,
        p1_0.created_at,
        p1_0.deleted_at,
        p1_0.name,
        p1_0.price,
        p1_0.sku,
        p1_0.updated_at,
        p1_0.version 
    from
        products p1_0 
    where
        p1_0.id=?
Hibernate: 
    select
        p1_0.id,
        p1_0.active,
        p1_0.category_id,
        p1_0.created_at,
        p1_0.deleted_at,
        p1_0.name,
        p1_0.price,
        p1_0.sku,
        p1_0.updated_at,
        p1_0.version 
    from
        products p1_0 
    where
        p1_0.id=?
Hibernate: 
    select
        p1_0.id,
        p1_0.active,
        p1_0.category_id,
        p1_0.created_at,
        p1_0.deleted_at,
        p1_0.name,
        p1_0.price,
        p1_0.sku,
        p1_0.updated_at,
        p1_0.version 
    from
        products p1_0 
    where
        p1_0.id=?
Hibernate: 
    select
        p1_0.id,
        p1_0.active,
        p1_0.category_id,
        p1_0.created_at,
        p1_0.deleted_at,
        p1_0.name,
        p1_0.price,
        p1_0.sku,
        p1_0.updated_at,
        p1_0.version 
    from
        products p1_0 
    where
        p1_0.id=?
Hibernate: 
    select
        p1_0.id,
        p1_0.active,
        p1_0.category_id,
        p1_0.created_at,
        p1_0.deleted_at,
        p1_0.name,
        p1_0.price,
        p1_0.sku,
        p1_0.updated_at,
        p1_0.version 
    from
        products p1_0 
    where
        p1_0.id=?
Hibernate: 
    select
        p1_0.id,
        p1_0.active,
        p1_0.category_id,
        p1_0.created_at,
        p1_0.deleted_at,
        p1_0.name,
        p1_0.price,
        p1_0.sku,
        p1_0.updated_at,
        p1_0.version 
    from
        products p1_0 
    where
        p1_0.id=?
Hibernate: 
    select
        p1_0.id,
        p1_0.active,
        p1_0.category_id,
        p1_0.created_at,
        p1_0.deleted_at,
        p1_0.name,
        p1_0.price,
        p1_0.sku,
        p1_0.updated_at,
        p1_0.version 
    from
        products p1_0 
    where
        p1_0.id=?
Hibernate: 
    select
        po1_0.id,
        po1_0.address_id,
        a1_0.id,
        a1_0.city,
        a1_0.country,
        a1_0.created_at,
        a1_0.customer_id,
        a1_0.deleted_at,
        a1_0.street,
        a1_0.updated_at,
        a1_0.version,
        po1_0.created_at,
        po1_0.customer_id,
        c2_0.id,
        c2_0.created_at,
        c2_0.deleted_at,
        c2_0.email,
        c2_0.name,
        c2_0.status,
        c2_0.updated_at,
        c2_0.version,
        po1_0.deleted_at,
        i1_0.order_id,
        i1_0.id,
        i1_0.created_at,
        i1_0.deleted_at,
        i1_0.product_id,
        i1_0.quantity,
        i1_0.subtotal,
        i1_0.unit_price,
        i1_0.updated_at,
        i1_0.version,
        po1_0.status,
        po1_0.total,
        po1_0.updated_at,
        po1_0.version 
    from
        orders po1_0 
    join
        addresses a1_0 
            on a1_0.id=po1_0.address_id 
    join
        customers c2_0 
            on c2_0.id=po1_0.customer_id 
    left join
        order_items i1_0 
            on po1_0.id=i1_0.order_id 
    where
        po1_0.deleted_at is null 
        and po1_0.id=?
Hibernate: 
    select
        oi1_0.id,
        oi1_0.created_at,
        oi1_0.deleted_at,
        oi1_0.order_id,
        oi1_0.product_id,
        p1_0.id,
        p1_0.active,
        p1_0.category_id,
        p1_0.created_at,
        p1_0.deleted_at,
        p1_0.name,
        p1_0.price,
        p1_0.sku,
        p1_0.updated_at,
        p1_0.version,
        oi1_0.quantity,
        oi1_0.subtotal,
        oi1_0.unit_price,
        oi1_0.updated_at,
        oi1_0.version 
    from
        order_items oi1_0 
    join
        products p1_0 
            on p1_0.id=oi1_0.product_id 
    where
        oi1_0.deleted_at is null 
        and oi1_0.order_id=?
Hibernate: 
    select
        i1_0.id,
        i1_0.available_stock,
        i1_0.created_at,
        i1_0.deleted_at,
        i1_0.minimum_stock,
        i1_0.product_id,
        i1_0.updated_at,
        i1_0.version 
    from
        inventories i1_0 
    where
        i1_0.deleted_at is null 
        and i1_0.product_id=? 
    for
        no key update of i1_0
Hibernate: 
    insert 
    into
        order_status_history
        (changed_at, created_at, deleted_at, order_id, reason, status, updated_at, version) 
    values
        (?, ?, ?, ?, ?, ?, ?, ?)
2026-06-08T23:22:00.900-05:00  INFO 3880 --- [university-store] [         task-2] e.u.u.event.OrderStatusChangedListener   : Orden #9 cambió de estado: CREATED → CANCELLED (cliente: victor)
Hibernate: 
    update
        orders 
    set
        address_id=?,
        customer_id=?,
        deleted_at=?,
        status=?,
        total=?,
        updated_at=?,
        version=? 
    where
        id=? 
        and version=?
Hibernate: 
    update
        inventories 
    set
        available_stock=?,
        deleted_at=?,
        minimum_stock=?,
        product_id=?,
        updated_at=?,
        version=? 
    where
        id=? 
        and version=?
Hibernate: 
    select
        i1_0.id,
        i1_0.available_stock,
        i1_0.created_at,
        i1_0.deleted_at,
        i1_0.minimum_stock,
        i1_0.product_id,
        p1_0.id,
        p1_0.active,
        p1_0.category_id,
        p1_0.created_at,
        p1_0.deleted_at,
        p1_0.name,
        p1_0.price,
        p1_0.sku,
        p1_0.updated_at,
        p1_0.version,
        i1_0.updated_at,
        i1_0.version 
    from
        inventories i1_0 
    join
        products p1_0 
            on p1_0.id=i1_0.product_id 
    where
        i1_0.deleted_at is null
Hibernate: 
    select
        po1_0.id,
        po1_0.address_id,
        a1_0.id,
        a1_0.city,
        a1_0.country,
        a1_0.created_at,
        a1_0.customer_id,
        a1_0.deleted_at,
        a1_0.street,
        a1_0.updated_at,
        a1_0.version,
        po1_0.created_at,
        po1_0.customer_id,
        c2_0.id,
        c2_0.created_at,
        c2_0.deleted_at,
        c2_0.email,
        c2_0.name,
        c2_0.status,
        c2_0.updated_at,
        c2_0.version,
        po1_0.deleted_at,
        i1_0.order_id,
        i1_0.id,
        i1_0.created_at,
        i1_0.deleted_at,
        i1_0.product_id,
        i1_0.quantity,
        i1_0.subtotal,
        i1_0.unit_price,
        i1_0.updated_at,
        i1_0.version,
        po1_0.status,
        po1_0.total,
        po1_0.updated_at,
        po1_0.version 
    from
        orders po1_0 
    join
        addresses a1_0 
            on a1_0.id=po1_0.address_id 
    join
        customers c2_0 
            on c2_0.id=po1_0.customer_id 
    left join
        order_items i1_0 
            on po1_0.id=i1_0.order_id 
    where
        po1_0.deleted_at is null
Hibernate: 
    select
        p1_0.id,
        p1_0.active,
        p1_0.category_id,
        p1_0.created_at,
        p1_0.deleted_at,
        p1_0.name,
        p1_0.price,
        p1_0.sku,
        p1_0.updated_at,
        p1_0.version 
    from
        products p1_0 
    where
        p1_0.id=?
Hibernate: 
    select
        p1_0.id,
        p1_0.active,
        p1_0.category_id,
        p1_0.created_at,
        p1_0.deleted_at,
        p1_0.name,
        p1_0.price,
        p1_0.sku,
        p1_0.updated_at,
        p1_0.version 
    from
        products p1_0 
    where
        p1_0.id=?
Hibernate: 
    select
        p1_0.id,
        p1_0.active,
        p1_0.category_id,
        p1_0.created_at,
        p1_0.deleted_at,
        p1_0.name,
        p1_0.price,
        p1_0.sku,
        p1_0.updated_at,
        p1_0.version 
    from
        products p1_0 
    where
        p1_0.id=?
Hibernate: 
    select
        p1_0.id,
        p1_0.active,
        p1_0.category_id,
        p1_0.created_at,
        p1_0.deleted_at,
        p1_0.name,
        p1_0.price,
        p1_0.sku,
        p1_0.updated_at,
        p1_0.version 
    from
        products p1_0 
    where
        p1_0.id=?
Hibernate: 
    select
        p1_0.id,
        p1_0.active,
        p1_0.category_id,
        p1_0.created_at,
        p1_0.deleted_at,
        p1_0.name,
        p1_0.price,
        p1_0.sku,
        p1_0.updated_at,
        p1_0.version 
    from
        products p1_0 
    where
        p1_0.id=?
Hibernate: 
    select
        p1_0.id,
        p1_0.active,
        p1_0.category_id,
        p1_0.created_at,
        p1_0.deleted_at,
        p1_0.name,
        p1_0.price,
        p1_0.sku,
        p1_0.updated_at,
        p1_0.version 
    from
        products p1_0 
    where
        p1_0.id=?
Hibernate: 
    select
        p1_0.id,
        p1_0.active,
        p1_0.category_id,
        p1_0.created_at,
        p1_0.deleted_at,
        p1_0.name,
        p1_0.price,
        p1_0.sku,
        p1_0.updated_at,
        p1_0.version 
    from
        products p1_0 
    where
        p1_0.id=?
Hibernate: 
    select
        c1_0.id,
        c1_0.created_at,
        c1_0.deleted_at,
        c1_0.name,
        c1_0.updated_at,
        c1_0.version 
    from
        categories c1_0 
    where
        c1_0.deleted_at is null
Hibernate: 
    select
        p1_0.id,
        p1_0.active,
        p1_0.category_id,
        c1_0.id,
        c1_0.created_at,
        c1_0.deleted_at,
        c1_0.name,
        c1_0.updated_at,
        c1_0.version,
        p1_0.created_at,
        p1_0.deleted_at,
        p1_0.name,
        p1_0.price,
        p1_0.sku,
        p1_0.updated_at,
        p1_0.version 
    from
        products p1_0 
    join
        categories c1_0 
            on c1_0.id=p1_0.category_id 
    where
        p1_0.deleted_at is null 
    order by
        p1_0.id 
    fetch
        first ? rows only
Hibernate: 
    select
        c1_0.id,
        c1_0.created_at,
        c1_0.deleted_at,
        c1_0.email,
        c1_0.name,
        c1_0.status,
        c1_0.updated_at,
        c1_0.version 
    from
        customers c1_0 
    where
        c1_0.deleted_at is null
Hibernate: 
    select
        i1_0.id,
        i1_0.available_stock,
        i1_0.created_at,
        i1_0.deleted_at,
        i1_0.minimum_stock,
        i1_0.product_id,
        p1_0.id,
        p1_0.active,
        p1_0.category_id,
        p1_0.created_at,
        p1_0.deleted_at,
        p1_0.name,
        p1_0.price,
        p1_0.sku,
        p1_0.updated_at,
        p1_0.version,
        i1_0.updated_at,
        i1_0.version 
    from
        inventories i1_0 
    join
        products p1_0 
            on p1_0.id=i1_0.product_id 
    where
        i1_0.deleted_at is null
Hibernate: 
    select
        po1_0.id,
        po1_0.address_id,
        a1_0.id,
        a1_0.city,
        a1_0.country,
        a1_0.created_at,
        a1_0.customer_id,
        a1_0.deleted_at,
        a1_0.street,
        a1_0.updated_at,
        a1_0.version,
        po1_0.created_at,
        po1_0.customer_id,
        c2_0.id,
        c2_0.created_at,
        c2_0.deleted_at,
        c2_0.email,
        c2_0.name,
        c2_0.status,
        c2_0.updated_at,
        c2_0.version,
        po1_0.deleted_at,
        i1_0.order_id,
        i1_0.id,
        i1_0.created_at,
        i1_0.deleted_at,
        i1_0.product_id,
        i1_0.quantity,
        i1_0.subtotal,
        i1_0.unit_price,
        i1_0.updated_at,
        i1_0.version,
        po1_0.status,
        po1_0.total,
        po1_0.updated_at,
        po1_0.version 
    from
        orders po1_0 
    join
        addresses a1_0 
            on a1_0.id=po1_0.address_id 
    join
        customers c2_0 
            on c2_0.id=po1_0.customer_id 
    left join
        order_items i1_0 
            on po1_0.id=i1_0.order_id 
    where
        po1_0.deleted_at is null
Hibernate: 
    select
        p1_0.id,
        p1_0.active,
        p1_0.category_id,
        p1_0.created_at,
        p1_0.deleted_at,
        p1_0.name,
        p1_0.price,
        p1_0.sku,
        p1_0.updated_at,
        p1_0.version 
    from
        products p1_0 
    where
        p1_0.id=?
Hibernate: 
    select
        p1_0.id,
        p1_0.active,
        p1_0.category_id,
        p1_0.created_at,
        p1_0.deleted_at,
        p1_0.name,
        p1_0.price,
        p1_0.sku,
        p1_0.updated_at,
        p1_0.version 
    from
        products p1_0 
    where
        p1_0.id=?
Hibernate: 
    select
        p1_0.id,
        p1_0.active,
        p1_0.category_id,
        p1_0.created_at,
        p1_0.deleted_at,
        p1_0.name,
        p1_0.price,
        p1_0.sku,
        p1_0.updated_at,
        p1_0.version 
    from
        products p1_0 
    where
        p1_0.id=?
Hibernate: 
    select
        p1_0.id,
        p1_0.active,
        p1_0.category_id,
        p1_0.created_at,
        p1_0.deleted_at,
        p1_0.name,
        p1_0.price,
        p1_0.sku,
        p1_0.updated_at,
        p1_0.version 
    from
        products p1_0 
    where
        p1_0.id=?
Hibernate: 
    select
        p1_0.id,
        p1_0.active,
        p1_0.category_id,
        p1_0.created_at,
        p1_0.deleted_at,
        p1_0.name,
        p1_0.price,
        p1_0.sku,
        p1_0.updated_at,
        p1_0.version 
    from
        products p1_0 
    where
        p1_0.id=?
Hibernate: 
    select
        p1_0.id,
        p1_0.active,
        p1_0.category_id,
        p1_0.created_at,
        p1_0.deleted_at,
        p1_0.name,
        p1_0.price,
        p1_0.sku,
        p1_0.updated_at,
        p1_0.version 
    from
        products p1_0 
    where
        p1_0.id=?
Hibernate: 
    select
        p1_0.id,
        p1_0.active,
        p1_0.category_id,
        p1_0.created_at,
        p1_0.deleted_at,
        p1_0.name,
        p1_0.price,
        p1_0.sku,
        p1_0.updated_at,
        p1_0.version 
    from
        products p1_0 
    where
        p1_0.id=?
2026-06-08T23:22:30.522-05:00 ERROR 3880 --- [university-store] [nio-8080-exec-5] e.u.u.exception.GlobalExceptionHandler   : Unexpected error: No static resource favicon.ico for request '/favicon.ico'.

org.springframework.web.servlet.resource.NoResourceFoundException: No static resource favicon.ico for request '/favicon.ico'.
	at org.springframework.web.servlet.resource.ResourceHttpRequestHandler.handleRequest(ResourceHttpRequestHandler.java:527) ~[spring-webmvc-7.0.6.jar:7.0.6]
	at org.springframework.web.servlet.mvc.HttpRequestHandlerAdapter.handle(HttpRequestHandlerAdapter.java:50) ~[spring-webmvc-7.0.6.jar:7.0.6]
	at org.springframework.web.servlet.DispatcherServlet.doDispatch(DispatcherServlet.java:963) ~[spring-webmvc-7.0.6.jar:7.0.6]
	at org.springframework.web.servlet.DispatcherServlet.doService(DispatcherServlet.java:866) ~[spring-webmvc-7.0.6.jar:7.0.6]
	at org.springframework.web.servlet.FrameworkServlet.processRequest(FrameworkServlet.java:1000) ~[spring-webmvc-7.0.6.jar:7.0.6]
	at org.springframework.web.servlet.FrameworkServlet.doGet(FrameworkServlet.java:892) ~[spring-webmvc-7.0.6.jar:7.0.6]
	at jakarta.servlet.http.HttpServlet.service(HttpServlet.java:622) ~[tomcat-embed-core-11.0.20.jar:6.1]
	at org.springframework.web.servlet.FrameworkServlet.service(FrameworkServlet.java:874) ~[spring-webmvc-7.0.6.jar:7.0.6]
	at jakarta.servlet.http.HttpServlet.service(HttpServlet.java:710) ~[tomcat-embed-core-11.0.20.jar:6.1]
	at org.apache.catalina.core.ApplicationFilterChain.doFilter(ApplicationFilterChain.java:128) ~[tomcat-embed-core-11.0.20.jar:11.0.20]
	at org.apache.tomcat.websocket.server.WsFilter.doFilter(WsFilter.java:53) ~[tomcat-embed-websocket-11.0.20.jar:11.0.20]
	at org.apache.catalina.core.ApplicationFilterChain.doFilter(ApplicationFilterChain.java:107) ~[tomcat-embed-core-11.0.20.jar:11.0.20]
	at org.springframework.web.filter.RequestContextFilter.doFilterInternal(RequestContextFilter.java:100) ~[spring-web-7.0.6.jar:7.0.6]
	at org.springframework.web.filter.OncePerRequestFilter.doFilter(OncePerRequestFilter.java:116) ~[spring-web-7.0.6.jar:7.0.6]
	at org.apache.catalina.core.ApplicationFilterChain.doFilter(ApplicationFilterChain.java:107) ~[tomcat-embed-core-11.0.20.jar:11.0.20]
	at org.springframework.web.filter.FormContentFilter.doFilterInternal(FormContentFilter.java:93) ~[spring-web-7.0.6.jar:7.0.6]
	at org.springframework.web.filter.OncePerRequestFilter.doFilter(OncePerRequestFilter.java:116) ~[spring-web-7.0.6.jar:7.0.6]
	at org.apache.catalina.core.ApplicationFilterChain.doFilter(ApplicationFilterChain.java:107) ~[tomcat-embed-core-11.0.20.jar:11.0.20]
	at org.springframework.web.filter.ServerHttpObservationFilter.doFilterInternal(ServerHttpObservationFilter.java:110) ~[spring-web-7.0.6.jar:7.0.6]
	at org.springframework.web.filter.OncePerRequestFilter.doFilter(OncePerRequestFilter.java:116) ~[spring-web-7.0.6.jar:7.0.6]
	at org.apache.catalina.core.ApplicationFilterChain.doFilter(ApplicationFilterChain.java:107) ~[tomcat-embed-core-11.0.20.jar:11.0.20]
	at org.springframework.web.filter.CharacterEncodingFilter.doFilterInternal(CharacterEncodingFilter.java:199) ~[spring-web-7.0.6.jar:7.0.6]
	at org.springframework.web.filter.OncePerRequestFilter.doFilter(OncePerRequestFilter.java:116) ~[spring-web-7.0.6.jar:7.0.6]
	at org.apache.catalina.core.ApplicationFilterChain.doFilter(ApplicationFilterChain.java:107) ~[tomcat-embed-core-11.0.20.jar:11.0.20]
	at org.apache.catalina.core.StandardWrapperValve.invoke(StandardWrapperValve.java:165) ~[tomcat-embed-core-11.0.20.jar:11.0.20]
	at org.apache.catalina.core.StandardContextValve.invoke(StandardContextValve.java:77) ~[tomcat-embed-core-11.0.20.jar:11.0.20]
	at org.apache.catalina.authenticator.AuthenticatorBase.invoke(AuthenticatorBase.java:492) ~[tomcat-embed-core-11.0.20.jar:11.0.20]
	at org.apache.catalina.core.StandardHostValve.invoke(StandardHostValve.java:113) ~[tomcat-embed-core-11.0.20.jar:11.0.20]
	at org.apache.catalina.valves.ErrorReportValve.invoke(ErrorReportValve.java:83) ~[tomcat-embed-core-11.0.20.jar:11.0.20]
	at org.apache.catalina.core.StandardEngineValve.invoke(StandardEngineValve.java:72) ~[tomcat-embed-core-11.0.20.jar:11.0.20]
	at org.apache.catalina.connector.CoyoteAdapter.service(CoyoteAdapter.java:341) ~[tomcat-embed-core-11.0.20.jar:11.0.20]
	at org.apache.coyote.http11.Http11Processor.service(Http11Processor.java:397) ~[tomcat-embed-core-11.0.20.jar:11.0.20]
	at org.apache.coyote.AbstractProcessorLight.process(AbstractProcessorLight.java:63) ~[tomcat-embed-core-11.0.20.jar:11.0.20]
	at org.apache.coyote.AbstractProtocol$ConnectionHandler.process(AbstractProtocol.java:903) ~[tomcat-embed-core-11.0.20.jar:11.0.20]
	at org.apache.tomcat.util.net.NioEndpoint$SocketProcessor.doRun(NioEndpoint.java:1779) ~[tomcat-embed-core-11.0.20.jar:11.0.20]
	at org.apache.tomcat.util.net.SocketProcessorBase.run(SocketProcessorBase.java:52) ~[tomcat-embed-core-11.0.20.jar:11.0.20]
	at org.apache.tomcat.util.threads.ThreadPoolExecutor.runWorker(ThreadPoolExecutor.java:946) ~[tomcat-embed-core-11.0.20.jar:11.0.20]
	at org.apache.tomcat.util.threads.ThreadPoolExecutor$Worker.run(ThreadPoolExecutor.java:480) ~[tomcat-embed-core-11.0.20.jar:11.0.20]
	at org.apache.tomcat.util.threads.TaskThread$WrappingRunnable.run(TaskThread.java:57) ~[tomcat-embed-core-11.0.20.jar:11.0.20]
	at java.base/java.lang.Thread.run(Thread.java:1583) ~[na:na]

